beginning execution --------------------
>>77
execution halted
