beginning execution --------------------
>>-72
execution halted
