%SXX+Object Module
# Object module for file adder.sax
# Thu Jul 02 16:49:26 EDT 2015
16 text length
% text
22
12
39
22
12
39
27
40
2
10
42
26
2
62
42
24
% relocation dictionary
1
4
% ENTRY, EXTERN, and PUBLIC references
% end of object module

